{"type":"Catalog","id":"ch.so.geo.stac","stac_version":"1.0.0","description":"Geodaten Kanton Solothurn","links":[{"rel": "root", "href": "http://localhost/catalog.json", "type": "application/json"}, {"rel": "child", "href": "http://localhost/ch.so.agi.orthofoto_1993.grau/collection.json", "type": "application/json", "title": "Orthofoto 1993 Graustufen"}, {"rel": "child", "href": "http://localhost/ch.so.agi.av.mopublic/collection.json", "type": "application/json", "title": "Amtliche Vermessung (MOpublic)"}, {"rel": "child", "href": "http://localhost/ch.so.afu.abbaustellen/collection.json", "type": "application/json", "title": "Abbaustellen"}, {"rel": "child", "href": "http://localhost/ch.so.agi.av.administrative_einteilung/collection.json", "type": "application/json", "title": "Administrative Einteilung AV und Grundbuch"}, {"rel": "child", "href": "http://localhost/ch.so.alw.strukturverbesserungen/collection.json", "type": "application/json", "title": "Strukturverbesserungen"}, {"rel": "self", "href": "http://localhost/catalog.json", "type": "application/json"}]}