{"id": "ch.so.alw.strukturverbesserungen", "type": "Collection", "links": [{"rel": "root", "href": "http://localhost/catalog.json", "type": "application/json"}, {"rel": "parent", "href": "http://localhost/catalog.json", "type": "application/json"}, {"rel": "item", "href": "http://localhost/ch.so.alw.strukturverbesserungen/ch.so.alw.strukturverbesserungen/ch.so.alw.strukturverbesserungen.json", "type": "application/json", "title": "Strukturverbesserungen (Kanton Solothurn)"}, {"rel": "self", "href": "http://localhost/ch.so.alw.strukturverbesserungen/collection.json", "type": "application/json", "title": "Strukturverbesserungen"}], "title": "Strukturverbesserungen", "extent": {"spatial": {"bbox": [[7.340685814421195, 47.07429957242491, 8.032688516268731, 47.50120128440594]]}, "temporal": {"interval": [["1999-11-10T23:00:00Z", "2023-01-29T23:00:00Z"]]}}, "licence": "https://files.geo.so.ch/nutzungsbedingungen.html", "keywords": ["Gesamtmelioration", "Güterregulierung", "Güterzusammenlegung", "Landwirtschaftliche Infrastruktur"], "providers": [{"url": "https://alw.so.ch", "name": "Amt für Landwirtschaft", "roles": ["processor"]}, {"url": "https://agi.so.ch", "name": "Amt für Geoinformation", "roles": ["host"]}], "summaries": {"proj:epsg": "2056", "proj:name": "CH1903+ / LV95"}, "description": "Strukturverbesserungen optimieren die Produktionsbedingungen und fördern eine nachhaltige Entwicklung der Landwirtschaft und des ländlichen Raums. Da mit Strukturverbesserungen auch ökologische Anliegen umgesetzt werden, sind sie ein wichtiges Instrument zur Förderung der Biodiversität.", "stac_version": "1.0.0"}